
> @magic-vault/web@1.0.124 build C:\Users\User\Documents\Coding\magic-vault\packages\web
> tsc -b && vite build

[36mvite v6.4.1 [32mbuilding for production...[36m[39m
transforming...
[32m✓[39m 9653 modules transformed.
[33mExport "AuthView" of module "../../node_modules/.pnpm/@neondatabase+auth-ui@0.2.1-beta_@better-auth+core@1.4.6_@better-auth+utils@0.3.0_@better-fet_fdwuzjbtz337qkcuaipigd4nqq/node_modules/@neondatabase/auth-ui/dist/index.mjs" was reexported through module "../../node_modules/.pnpm/@neondatabase+auth@0.4.2-beta_@better-auth+core@1.4.6_@better-auth+utils@0.3.0_@better-fetch+_3qu3y3d6gxguksep2zmcjfvvle/node_modules/@neondatabase/auth/dist/ui-CnVnqGns.mjs" while both modules are dependencies of each other and will end up in different chunks by current Rollup settings. This scenario is not well supported at the moment as it will produce a circular dependency between chunks and will likely lead to broken execution order.
Either change the import in "src/app/routes/neon/auth.tsx" to point directly to the exporting module or reconfigure "output.manualChunks" to ensure these modules end up in the same chunk.[39m
rendering chunks...
computing gzip size...
[2mdist/[22m[32mmanifest.webmanifest                                         [39m[1m[2m     0.47 kB[22m[1m[22m
[2mdist/[22m[32mindex.html                                                   [39m[1m[2m     7.03 kB[22m[1m[22m[2m │ gzip:     2.67 kB[22m
[2mdist/[22m[32massets/jetbrains-mono-vietnamese-wght-normal-Bt-aOZkq.woff2  [39m[1m[2m     7.50 kB[22m[1m[22m
[2mdist/[22m[32massets/jetbrains-mono-greek-wght-normal-Bw9x6K1M.woff2       [39m[1m[2m     9.00 kB[22m[1m[22m
[2mdist/[22m[32massets/figtree-latin-ext-wght-normal-DCwSJGxG.woff2          [39m[1m[2m    10.28 kB[22m[1m[22m
[2mdist/[22m[32massets/jetbrains-mono-cyrillic-wght-normal-D73BlboJ.woff2    [39m[1m[2m    12.11 kB[22m[1m[22m
[2mdist/[22m[32massets/geist-mono-cyrillic-wght-normal-BZdD_g9V.woff2        [39m[1m[2m    12.62 kB[22m[1m[22m
[2mdist/[22m[32massets/geist-mono-latin-ext-wght-normal-b6lpi8_2.woff2       [39m[1m[2m    13.04 kB[22m[1m[22m
[2mdist/[22m[32massets/jetbrains-mono-latin-ext-wght-normal-DBQx-q_a.woff2   [39m[1m[2m    15.20 kB[22m[1m[22m
[2mdist/[22m[32massets/figtree-latin-wght-normal-D_ZTVpCC.woff2              [39m[1m[2m    20.16 kB[22m[1m[22m
[2mdist/[22m[32massets/geist-mono-latin-wght-normal-Cjtb1TV-.woff2           [39m[1m[2m    31.37 kB[22m[1m[22m
[2mdist/[22m[32massets/jetbrains-mono-latin-wght-normal-B9CIFXIH.woff2       [39m[1m[2m    40.40 kB[22m[1m[22m
[2mdist/[22m[32massets/ort-wasm-simd-threaded.asyncify-D5D0fo7z.wasm         [39m[1m[2m26,781.91 kB[22m[1m[22m[2m │ gzip: 6,673.53 kB[22m
[2mdist/[22m[35massets/index-BH85-jt8.css                                    [39m[1m[2m   175.53 kB[22m[1m[22m[2m │ gzip:    29.22 kB[22m
[2mdist/[22m[36massets/scryfall.constant-D3n8KM0X.js                         [39m[1m[2m     0.03 kB[22m[1m[22m[2m │ gzip:     0.05 kB[22m
[2mdist/[22m[36massets/monitor-links.constant-KfMIglSx.js                    [39m[1m[2m     0.04 kB[22m[1m[22m[2m │ gzip:     0.06 kB[22m
[2mdist/[22m[36massets/limits-DL2a2mtV.js                                    [39m[1m[2m     0.05 kB[22m[1m[22m[2m │ gzip:     0.06 kB[22m
[2mdist/[22m[36massets/settings-section-context-C9zSY-BU.js                  [39m[1m[2m     0.09 kB[22m[1m[22m[2m │ gzip:     0.10 kB[22m
[2mdist/[22m[36massets/scanner.constant-mB3fdjIj.js                          [39m[1m[2m     0.10 kB[22m[1m[22m[2m │ gzip:     0.10 kB[22m
[2mdist/[22m[36massets/billing-DuC5KIud.js                                   [39m[1m[2m     0.13 kB[22m[1m[22m[2m │ gzip:     0.13 kB[22m
[2mdist/[22m[36massets/use-settings-sections-Dq5sn9nJ.js                     [39m[1m[2m     0.14 kB[22m[1m[22m[2m │ gzip:     0.14 kB[22m
[2mdist/[22m[36massets/subscription-CKXX4O_G.js                              [39m[1m[2m     0.15 kB[22m[1m[22m[2m │ gzip:     0.15 kB[22m
[2mdist/[22m[36massets/plans.constant-CvTzNnM2.js                            [39m[1m[2m     0.17 kB[22m[1m[22m[2m │ gzip:     0.15 kB[22m
[2mdist/[22m[36massets/skeleton-CooVYJUU.js                                  [39m[1m[2m     0.20 kB[22m[1m[22m[2m │ gzip:     0.17 kB[22m
[2mdist/[22m[36massets/sounds-CEa-wkXf.js                                    [39m[1m[2m     0.20 kB[22m[1m[22m[2m │ gzip:     0.15 kB[22m
[2mdist/[22m[36massets/use-onboarding-OxYzxXS_.js                            [39m[1m[2m     0.21 kB[22m[1m[22m[2m │ gzip:     0.18 kB[22m
[2mdist/[22m[36massets/companies.schema-nkdf-erK.js                          [39m[1m[2m     0.23 kB[22m[1m[22m[2m │ gzip:     0.18 kB[22m
[2mdist/[22m[36massets/use-firmware-feature-AqG8iMwb.js                      [39m[1m[2m     0.24 kB[22m[1m[22m[2m │ gzip:     0.20 kB[22m
[2mdist/[22m[36massets/price-source.constant-n7CuClSC.js                     [39m[1m[2m     0.24 kB[22m[1m[22m[2m │ gzip:     0.17 kB[22m
[2mdist/[22m[36massets/price-source-Co78nHep.js                              [39m[1m[2m     0.24 kB[22m[1m[22m[2m │ gzip:     0.20 kB[22m
[2mdist/[22m[36massets/list-skeleton-CE0PDSuA.js                             [39m[1m[2m     0.28 kB[22m[1m[22m[2m │ gzip:     0.23 kB[22m
[2mdist/[22m[36massets/foil-overlay-BUZURUxV.js                              [39m[1m[2m     0.31 kB[22m[1m[22m[2m │ gzip:     0.23 kB[22m
[2mdist/[22m[36massets/IconMinus-CudG_Ixo.js                                 [39m[1m[2m     0.31 kB[22m[1m[22m[2m │ gzip:     0.26 kB[22m
[2mdist/[22m[36massets/pricing-DfqVIx3S.js                                   [39m[1m[2m     0.32 kB[22m[1m[22m[2m │ gzip:     0.20 kB[22m
[2mdist/[22m[36massets/health-yAIOeYB6.js                                    [39m[1m[2m     0.33 kB[22m[1m[22m[2m │ gzip:     0.26 kB[22m
[2mdist/[22m[36massets/IconChevronLeft-C9gZrQuX.js                           [39m[1m[2m     0.33 kB[22m[1m[22m[2m │ gzip:     0.26 kB[22m
[2mdist/[22m[36massets/IconChevronRight-CDjkovEV.js                          [39m[1m[2m     0.33 kB[22m[1m[22m[2m │ gzip:     0.26 kB[22m
[2mdist/[22m[36massets/IconPlayerPlay-B_xWIEqA.js                            [39m[1m[2m     0.34 kB[22m[1m[22m[2m │ gzip:     0.27 kB[22m
[2mdist/[22m[36massets/IconRotate-BxOUlIPp.js                                [39m[1m[2m     0.34 kB[22m[1m[22m[2m │ gzip:     0.27 kB[22m
[2mdist/[22m[36massets/use-announcement-alerts-BcNJntj1.js                   [39m[1m[2m     0.35 kB[22m[1m[22m[2m │ gzip:     0.24 kB[22m
[2mdist/[22m[36massets/IconPlus-ChS5zCIf.js                                  [39m[1m[2m     0.35 kB[22m[1m[22m[2m │ gzip:     0.27 kB[22m
[2mdist/[22m[36massets/brand-mark-DIyR_6P1.js                                [39m[1m[2m     0.38 kB[22m[1m[22m[2m │ gzip:     0.27 kB[22m
[2mdist/[22m[36massets/firmware.constant-BFtFS89H.js                         [39m[1m[2m     0.38 kB[22m[1m[22m[2m │ gzip:     0.26 kB[22m
[2mdist/[22m[36massets/IconDeviceUsb-6X98wl56.js                             [39m[1m[2m     0.38 kB[22m[1m[22m[2m │ gzip:     0.29 kB[22m
[2mdist/[22m[36massets/IconPlayerStop-yGY7Rj2h.js                            [39m[1m[2m     0.40 kB[22m[1m[22m[2m │ gzip:     0.29 kB[22m
[2mdist/[22m[36massets/IconArrowUp-MDzLAnTZ.js                               [39m[1m[2m     0.40 kB[22m[1m[22m[2m │ gzip:     0.29 kB[22m
[2mdist/[22m[36massets/links-DaQQNlDE.js                                     [39m[1m[2m     0.40 kB[22m[1m[22m[2m │ gzip:     0.29 kB[22m
[2mdist/[22m[36massets/IconArrowRight-DpdCLHDB.js                            [39m[1m[2m     0.40 kB[22m[1m[22m[2m │ gzip:     0.29 kB[22m
[2mdist/[22m[36massets/IconPencil-B2VUvLjL.js                                [39m[1m[2m     0.40 kB[22m[1m[22m[2m │ gzip:     0.30 kB[22m
[2mdist/[22m[36massets/IconClockHour3-ky9DWrvN.js                            [39m[1m[2m     0.43 kB[22m[1m[22m[2m │ gzip:     0.30 kB[22m
[2mdist/[22m[36massets/IconUpload-uiZpg7dJ.js                                [39m[1m[2m     0.43 kB[22m[1m[22m[2m │ gzip:     0.30 kB[22m
[2mdist/[22m[36massets/IconAlbum-Dfwoug5T.js                                 [39m[1m[2m     0.43 kB[22m[1m[22m[2m │ gzip:     0.30 kB[22m
[2mdist/[22m[36massets/IconDownload-DAh0fmlI.js                              [39m[1m[2m     0.43 kB[22m[1m[22m[2m │ gzip:     0.30 kB[22m
[2mdist/[22m[36massets/IconRestore-CwTgN5YP.js                               [39m[1m[2m     0.44 kB[22m[1m[22m[2m │ gzip:     0.31 kB[22m
[2mdist/[22m[36massets/IconBell-DK2VMTfN.js                                  [39m[1m[2m     0.44 kB[22m[1m[22m[2m │ gzip:     0.31 kB[22m
[2mdist/[22m[36massets/no-game-banner-FdZRJW2n.js                            [39m[1m[2m     0.46 kB[22m[1m[22m[2m │ gzip:     0.33 kB[22m
[33m
(!) Some chunks are larger than 500 kB after minification. Consider:
[2mdist/[22m[36massets/IconExternalLink-SHAc5HOo.js                          [39m[1m[2m     0.46 kB[22m[1m[22m[2m │ gzip:     0.31 kB[22m
[2mdist/[22m[36massets/IconDeviceMobile-Dgnn_Y8t.js                          [39m[1m[2m     0.47 kB[22m[1m[22m[2m │ gzip:     0.31 kB[22m
[2mdist/[22m[36massets/IconHelpCircle-FPlgKC-p.js                            [39m[1m[2m     0.47 kB[22m[1m[22m[2m │ gzip:     0.32 kB[22m
[2mdist/[22m[36massets/terms-Bb0CgwLx.js                                     [39m[1m[2m     0.48 kB[22m[1m[22m[2m │ gzip:     0.31 kB[22m
[2mdist/[22m[36massets/privacy-VPCeCs41.js                                   [39m[1m[2m     0.48 kB[22m[1m[22m[2m │ gzip:     0.32 kB[22m
[2mdist/[22m[36massets/IconRoute-B8mB3R0b.js                                 [39m[1m[2m     0.48 kB[22m[1m[22m[2m │ gzip:     0.32 kB[22m
- Using dynamic import() to code-split the application
- Use build.rollupOptions.output.manualChunks to improve chunking: https://rollupjs.org/configuration-options/#output-manualchunks
[2mdist/[22m[36massets/IconClipboard-BZuUOabS.js                             [39m[1m[2m     0.49 kB[22m[1m[22m[2m │ gzip:     0.31 kB[22m
[2mdist/[22m[36massets/IconLink-BwzdyGFy.js                                  [39m[1m[2m     0.50 kB[22m[1m[22m[2m │ gzip:     0.34 kB[22m
[2mdist/[22m[36massets/IconLock-BcMnlttF.js                                  [39m[1m[2m     0.50 kB[22m[1m[22m[2m │ gzip:     0.33 kB[22m
- Adjust chunk size limit for this warning via build.chunkSizeWarningLimit.[39m
[2mdist/[22m[36massets/IconEdit-wwc3WVuL.js                                  [39m[1m[2m     0.50 kB[22m[1m[22m[2m │ gzip:     0.33 kB[22m
[2mdist/[22m[36massets/canvas-fit-Bm5Tql4w.js                                [39m[1m[2m     0.50 kB[22m[1m[22m[2m │ gzip:     0.32 kB[22m
[2mdist/[22m[36massets/IconPlayerPause-0zKMba0i.js                           [39m[1m[2m     0.50 kB[22m[1m[22m[2m │ gzip:     0.30 kB[22m
[2mdist/[22m[36massets/IconLockOpen-DiLl4zkA.js                              [39m[1m[2m     0.50 kB[22m[1m[22m[2m │ gzip:     0.33 kB[22m
[2mdist/[22m[36massets/monitor-links-BpUqiYCV.js                             [39m[1m[2m     0.50 kB[22m[1m[22m[2m │ gzip:     0.32 kB[22m
[2mdist/[22m[36massets/IconShoppingCart-BmlI1vzU.js                          [39m[1m[2m     0.51 kB[22m[1m[22m[2m │ gzip:     0.32 kB[22m
[2mdist/[22m[36massets/IconDevices-DMYjyHHL.js                               [39m[1m[2m     0.51 kB[22m[1m[22m[2m │ gzip:     0.32 kB[22m
[2mdist/[22m[36massets/IconPackage-BYyhcneX.js                               [39m[1m[2m     0.52 kB[22m[1m[22m[2m │ gzip:     0.31 kB[22m
[2mdist/[22m[36massets/notification-settings-Du8EhrT0.js                     [39m[1m[2m     0.53 kB[22m[1m[22m[2m │ gzip:     0.36 kB[22m
[2mdist/[22m[36massets/IconTrash-CUeKqr9Y.js                                 [39m[1m[2m     0.53 kB[22m[1m[22m[2m │ gzip:     0.33 kB[22m
[2mdist/[22m[36massets/IconShare-Mj_biRrp.js                                 [39m[1m[2m     0.56 kB[22m[1m[22m[2m │ gzip:     0.31 kB[22m
[2mdist/[22m[36massets/auth-iuHrt1tr.js                                      [39m[1m[2m     0.56 kB[22m[1m[22m[2m │ gzip:     0.31 kB[22m
[2mdist/[22m[36massets/IconSpeakerphone-C3IlE68O.js                          [39m[1m[2m     0.56 kB[22m[1m[22m[2m │ gzip:     0.35 kB[22m
[2mdist/[22m[36massets/IconBoxOff-BHbmZouG.js                                [39m[1m[2m     0.57 kB[22m[1m[22m[2m │ gzip:     0.37 kB[22m
[2mdist/[22m[36massets/IconHeartRateMonitor-BlXqKqBB.js                      [39m[1m[2m     0.57 kB[22m[1m[22m[2m │ gzip:     0.34 kB[22m
[2mdist/[22m[36massets/auth-CjG_RzMr.js                                      [39m[1m[2m     0.58 kB[22m[1m[22m[2m │ gzip:     0.32 kB[22m
[2mdist/[22m[36massets/firmware-feature-gate-BxHYYhGg.js                     [39m[1m[2m     0.59 kB[22m[1m[22m[2m │ gzip:     0.37 kB[22m
[2mdist/[22m[36massets/comm-log-entries-DR4WLeWW.js                          [39m[1m[2m     0.60 kB[22m[1m[22m[2m │ gzip:     0.37 kB[22m
[2mdist/[22m[36massets/health-CE8W_bqC.js                                    [39m[1m[2m     0.61 kB[22m[1m[22m[2m │ gzip:     0.37 kB[22m
[2mdist/[22m[36massets/IconPlugX-B_2mtDts.js                                 [39m[1m[2m     0.61 kB[22m[1m[22m[2m │ gzip:     0.37 kB[22m
[2mdist/[22m[36massets/IconBrandGithub-BBOswLRV.js                           [39m[1m[2m     0.61 kB[22m[1m[22m[2m │ gzip:     0.39 kB[22m
[2mdist/[22m[36massets/callout-dK8cXBrT.js                                   [39m[1m[2m     0.62 kB[22m[1m[22m[2m │ gzip:     0.37 kB[22m
[2mdist/[22m[36massets/IconUserScan-Bim3QRFy.js                              [39m[1m[2m     0.62 kB[22m[1m[22m[2m │ gzip:     0.34 kB[22m
[2mdist/[22m[36massets/IconCards-CiSpHMnf.js                                 [39m[1m[2m     0.62 kB[22m[1m[22m[2m │ gzip:     0.40 kB[22m
[2mdist/[22m[36massets/health-BeXBvz--.js                                    [39m[1m[2m     0.64 kB[22m[1m[22m[2m │ gzip:     0.40 kB[22m
[2mdist/[22m[36massets/empty-state-Cc6ftq3e.js                               [39m[1m[2m     0.67 kB[22m[1m[22m[2m │ gzip:     0.36 kB[22m
[2mdist/[22m[36massets/health-B9aysXCT.js                                    [39m[1m[2m     0.69 kB[22m[1m[22m[2m │ gzip:     0.42 kB[22m
[2mdist/[22m[36massets/IconCoffee-BBPRdNTq.js                                [39m[1m[2m     0.70 kB[22m[1m[22m[2m │ gzip:     0.39 kB[22m
[2mdist/[22m[36massets/IconLayoutGrid-BDsRGSA1.js                            [39m[1m[2m     0.71 kB[22m[1m[22m[2m │ gzip:     0.31 kB[22m
[2mdist/[22m[36massets/org-settings-DJcOweQJ.js                              [39m[1m[2m     0.71 kB[22m[1m[22m[2m │ gzip:     0.41 kB[22m
[2mdist/[22m[36massets/IconCpu-CS9vu072.js                                   [39m[1m[2m     0.71 kB[22m[1m[22m[2m │ gzip:     0.35 kB[22m
[2mdist/[22m[36massets/nav-CDaPkMn0.js                                       [39m[1m[2m     0.76 kB[22m[1m[22m[2m │ gzip:     0.46 kB[22m
[2mdist/[22m[36massets/IconBrandDiscord-BShWDGA3.js                          [39m[1m[2m     0.76 kB[22m[1m[22m[2m │ gzip:     0.45 kB[22m
[2mdist/[22m[36massets/alert-banner-BYf3-RNQ.js                              [39m[1m[2m     0.77 kB[22m[1m[22m[2m │ gzip:     0.48 kB[22m
[2mdist/[22m[36massets/IconFileSettings-Bl-2ssly.js                          [39m[1m[2m     0.79 kB[22m[1m[22m[2m │ gzip:     0.41 kB[22m
[2mdist/[22m[36massets/mobile-page-header-BAXZ1CNJ.js                        [39m[1m[2m     0.79 kB[22m[1m[22m[2m │ gzip:     0.46 kB[22m
[2mdist/[22m[36massets/session-lock-fEihqNyB.js                              [39m[1m[2m     0.79 kB[22m[1m[22m[2m │ gzip:     0.48 kB[22m
[2mdist/[22m[36massets/storage.schema-C11Lo6YH.js                            [39m[1m[2m     0.80 kB[22m[1m[22m[2m │ gzip:     0.52 kB[22m
[2mdist/[22m[36massets/use-billing-DALK7nVI.js                               [39m[1m[2m     0.81 kB[22m[1m[22m[2m │ gzip:     0.43 kB[22m
[2mdist/[22m[36massets/format-Dd_t1IyX.js                                    [39m[1m[2m     0.82 kB[22m[1m[22m[2m │ gzip:     0.46 kB[22m
[2mdist/[22m[36massets/sound-waveform-CQdG0BBA.js                            [39m[1m[2m     0.85 kB[22m[1m[22m[2m │ gzip:     0.53 kB[22m
[2mdist/[22m[36massets/slider-field-BqKKkURL.js                              [39m[1m[2m     0.87 kB[22m[1m[22m[2m │ gzip:     0.44 kB[22m
[2mdist/[22m[36massets/developer-BfmroOMH.js                                 [39m[1m[2m     0.87 kB[22m[1m[22m[2m │ gzip:     0.47 kB[22m
[2mdist/[22m[36massets/layout-t3x8_z22.js                                    [39m[1m[2m     0.87 kB[22m[1m[22m[2m │ gzip:     0.50 kB[22m
[2mdist/[22m[36massets/announcements-DM_ZRb2Q.js                             [39m[1m[2m     0.88 kB[22m[1m[22m[2m │ gzip:     0.39 kB[22m
[2mdist/[22m[36massets/index-Bgo10T0U.js                                     [39m[1m[2m     0.89 kB[22m[1m[22m[2m │ gzip:     0.53 kB[22m
[2mdist/[22m[36massets/section-nav-CWYB7ii3.js                               [39m[1m[2m     0.89 kB[22m[1m[22m[2m │ gzip:     0.51 kB[22m
[2mdist/[22m[36massets/public-announcement-banner-BiAOhU_u.js                [39m[1m[2m     0.95 kB[22m[1m[22m[2m │ gzip:     0.56 kB[22m
[2mdist/[22m[36massets/button-group-CMHE7Hr9.js                              [39m[1m[2m     0.96 kB[22m[1m[22m[2m │ gzip:     0.45 kB[22m
[2mdist/[22m[36massets/settings-section-BBKBYEM0.js                          [39m[1m[2m     1.00 kB[22m[1m[22m[2m │ gzip:     0.49 kB[22m
[2mdist/[22m[36massets/storage-locations-oQlHBmVt.js                         [39m[1m[2m     1.06 kB[22m[1m[22m[2m │ gzip:     0.44 kB[22m
[2mdist/[22m[36massets/table-CWltFQ3Q.js                                     [39m[1m[2m     1.07 kB[22m[1m[22m[2m │ gzip:     0.44 kB[22m
[2mdist/[22m[36massets/sounds-T1_qUo9n.js                                    [39m[1m[2m     1.12 kB[22m[1m[22m[2m │ gzip:     0.53 kB[22m
[2mdist/[22m[36massets/notifications-wNHAWH-7.js                             [39m[1m[2m     1.30 kB[22m[1m[22m[2m │ gzip:     0.62 kB[22m
[2mdist/[22m[36massets/billing-iNauqQwW.js                                   [39m[1m[2m     1.31 kB[22m[1m[22m[2m │ gzip:     0.63 kB[22m
[2mdist/[22m[36massets/watcher-stack-8ZBXKmk2.js                             [39m[1m[2m     1.34 kB[22m[1m[22m[2m │ gzip:     0.63 kB[22m
[2mdist/[22m[36massets/join-DcWkxNfO.js                                      [39m[1m[2m     1.40 kB[22m[1m[22m[2m │ gzip:     0.75 kB[22m
[2mdist/[22m[36massets/legal-page-B1vwFUMX.js                                [39m[1m[2m     1.41 kB[22m[1m[22m[2m │ gzip:     0.67 kB[22m
[2mdist/[22m[36massets/card-CCpRiKCy.js                                      [39m[1m[2m     1.49 kB[22m[1m[22m[2m │ gzip:     0.55 kB[22m
[2mdist/[22m[36massets/notifications-BhmsReZR.js                             [39m[1m[2m     1.49 kB[22m[1m[22m[2m │ gzip:     0.71 kB[22m
[2mdist/[22m[36massets/billing-DmOtPQeS.js                                   [39m[1m[2m     1.50 kB[22m[1m[22m[2m │ gzip:     0.72 kB[22m
[2mdist/[22m[36massets/billing-BuVvFvNX.js                                   [39m[1m[2m     1.50 kB[22m[1m[22m[2m │ gzip:     0.74 kB[22m
[2mdist/[22m[36massets/notifications-Z46J4Jj-.js                             [39m[1m[2m     1.50 kB[22m[1m[22m[2m │ gzip:     0.71 kB[22m
[2mdist/[22m[36massets/badge-B86QqPvb.js                                     [39m[1m[2m     1.56 kB[22m[1m[22m[2m │ gzip:     0.71 kB[22m
[2mdist/[22m[36massets/use-org-settings-draft-CbZOEtR4.js                    [39m[1m[2m     1.56 kB[22m[1m[22m[2m │ gzip:     0.83 kB[22m
[2mdist/[22m[36massets/forgot-password-BoZt0hy5.js                           [39m[1m[2m     1.57 kB[22m[1m[22m[2m │ gzip:     0.77 kB[22m
[2mdist/[22m[36massets/layout-KZjkbrNX.js                                    [39m[1m[2m     1.61 kB[22m[1m[22m[2m │ gzip:     0.82 kB[22m
[2mdist/[22m[36massets/collection-cards-C-n8Yg-H.js                          [39m[1m[2m     1.66 kB[22m[1m[22m[2m │ gzip:     0.66 kB[22m
[2mdist/[22m[36massets/esp32-flash-dialog-CqjclVc4.js                        [39m[1m[2m     1.81 kB[22m[1m[22m[2m │ gzip:     0.95 kB[22m
[2mdist/[22m[36massets/unsaved-changes-guard-DtcvN8Dg.js                     [39m[1m[2m     1.85 kB[22m[1m[22m[2m │ gzip:     0.91 kB[22m
[2mdist/[22m[36massets/theme-toggle-BRpUZhrZ.js                              [39m[1m[2m     1.88 kB[22m[1m[22m[2m │ gzip:     0.77 kB[22m
[2mdist/[22m[36massets/language-switcher-gllRiJib.js                         [39m[1m[2m     1.89 kB[22m[1m[22m[2m │ gzip:     0.93 kB[22m
[2mdist/[22m[36massets/auth-CuYdDbBs.js                                      [39m[1m[2m     1.92 kB[22m[1m[22m[2m │ gzip:     0.75 kB[22m
[2mdist/[22m[36massets/delete-dialog-8QIwA5MG.js                             [39m[1m[2m     1.94 kB[22m[1m[22m[2m │ gzip:     0.93 kB[22m
[2mdist/[22m[36massets/esp32c6-XJcj-Bnb.js                                   [39m[1m[2m     2.04 kB[22m[1m[22m[2m │ gzip:     0.98 kB[22m
[2mdist/[22m[36massets/announcements-QEVmSh3v.js                             [39m[1m[2m     2.08 kB[22m[1m[22m[2m │ gzip:     1.00 kB[22m
[2mdist/[22m[36massets/footer-wdf2uqXo.js                                    [39m[1m[2m     2.14 kB[22m[1m[22m[2m │ gzip:     0.71 kB[22m
[2mdist/[22m[36massets/settings-kjE0WPkQ.js                                  [39m[1m[2m     2.16 kB[22m[1m[22m[2m │ gzip:     0.98 kB[22m
[2mdist/[22m[36massets/reset-password-VQQiFwWk.js                            [39m[1m[2m     2.17 kB[22m[1m[22m[2m │ gzip:     0.93 kB[22m
[2mdist/[22m[36massets/esp32c2-CpZmkN-O.js                                   [39m[1m[2m     2.19 kB[22m[1m[22m[2m │ gzip:     1.09 kB[22m
[2mdist/[22m[36massets/admin-DX6mC6qh.js                                     [39m[1m[2m     2.21 kB[22m[1m[22m[2m │ gzip:     0.88 kB[22m
[2mdist/[22m[36massets/settings-QjkHaGSv.js                                  [39m[1m[2m     2.25 kB[22m[1m[22m[2m │ gzip:     1.07 kB[22m
[2mdist/[22m[36massets/sounds-BlO2Cwk2.js                                    [39m[1m[2m     2.31 kB[22m[1m[22m[2m │ gzip:     0.95 kB[22m
[2mdist/[22m[36massets/announcements-C78htkIZ.js                             [39m[1m[2m     2.32 kB[22m[1m[22m[2m │ gzip:     1.13 kB[22m
[2mdist/[22m[36massets/announcements-BpTS7BRU.js                             [39m[1m[2m     2.32 kB[22m[1m[22m[2m │ gzip:     1.15 kB[22m
[2mdist/[22m[36massets/settings-Bh29W5N1.js                                  [39m[1m[2m     2.32 kB[22m[1m[22m[2m │ gzip:     1.08 kB[22m
[2mdist/[22m[36massets/use-connect-with-stale-check-B1NYQYbM.js              [39m[1m[2m     2.32 kB[22m[1m[22m[2m │ gzip:     1.09 kB[22m
[2mdist/[22m[36massets/colors-Cw5tvEPf.js                                    [39m[1m[2m     2.37 kB[22m[1m[22m[2m │ gzip:     0.80 kB[22m
[2mdist/[22m[36massets/account-DMxTDQYx.js                                   [39m[1m[2m     2.42 kB[22m[1m[22m[2m │ gzip:     1.00 kB[22m
[2mdist/[22m[36massets/esp32h2-DvW_uzuw.js                                   [39m[1m[2m     2.45 kB[22m[1m[22m[2m │ gzip:     1.11 kB[22m
[2mdist/[22m[36massets/account-u8hUUtrH.js                                   [39m[1m[2m     2.47 kB[22m[1m[22m[2m │ gzip:     1.00 kB[22m
[2mdist/[22m[36massets/sounds-Bb6CDd7U.js                                    [39m[1m[2m     2.68 kB[22m[1m[22m[2m │ gzip:     1.09 kB[22m
[2mdist/[22m[36massets/billing-BrMdIhgW.js                                   [39m[1m[2m     2.70 kB[22m[1m[22m[2m │ gzip:     1.10 kB[22m
[2mdist/[22m[36massets/sounds-CDKPccF_.js                                    [39m[1m[2m     2.70 kB[22m[1m[22m[2m │ gzip:     1.13 kB[22m
[2mdist/[22m[36massets/auth-SIUUVjLX.js                                      [39m[1m[2m     2.76 kB[22m[1m[22m[2m │ gzip:     1.09 kB[22m
[2mdist/[22m[36massets/esp32c3-BNTpyEZk.js                                   [39m[1m[2m     2.78 kB[22m[1m[22m[2m │ gzip:     1.25 kB[22m
[2mdist/[22m[36massets/discord-bot-C9b_oCFE.js                               [39m[1m[2m     2.80 kB[22m[1m[22m[2m │ gzip:     1.31 kB[22m
[2mdist/[22m[36massets/account-QBvbFqwu.js                                   [39m[1m[2m     2.98 kB[22m[1m[22m[2m │ gzip:     1.17 kB[22m
[2mdist/[22m[36massets/compute-stats-BvQj4ra_.js                             [39m[1m[2m     3.00 kB[22m[1m[22m[2m │ gzip:     1.31 kB[22m
[2mdist/[22m[36massets/card-detection-tJ6RV7w0.js                            [39m[1m[2m     3.06 kB[22m[1m[22m[2m │ gzip:     1.53 kB[22m
[2mdist/[22m[36massets/audit-drawer-BBFU91Dx.js                              [39m[1m[2m     3.08 kB[22m[1m[22m[2m │ gzip:     1.26 kB[22m
[2mdist/[22m[36massets/esp32c61-BkZE8AiQ.js                                  [39m[1m[2m     3.09 kB[22m[1m[22m[2m │ gzip:     1.21 kB[22m
[2mdist/[22m[36massets/discord-bot-CDJFXZIF.js                               [39m[1m[2m     3.12 kB[22m[1m[22m[2m │ gzip:     1.50 kB[22m
[2mdist/[22m[36massets/use-price-source-TJS829Yh.js                          [39m[1m[2m     3.13 kB[22m[1m[22m[2m │ gzip:     1.28 kB[22m
[2mdist/[22m[36massets/discord-bot-9ksRwqa5.js                               [39m[1m[2m     3.21 kB[22m[1m[22m[2m │ gzip:     1.47 kB[22m
[2mdist/[22m[36massets/storage-2E1WEEwS.js                                   [39m[1m[2m     3.31 kB[22m[1m[22m[2m │ gzip:     1.40 kB[22m
[2mdist/[22m[36massets/companies-Bz8nIaku.js                                 [39m[1m[2m     3.36 kB[22m[1m[22m[2m │ gzip:     1.36 kB[22m
[2mdist/[22m[36massets/companies-BpCdCCmA.js                                 [39m[1m[2m     3.40 kB[22m[1m[22m[2m │ gzip:     1.36 kB[22m
[2mdist/[22m[36massets/esp32-DGih0ANf.js                                     [39m[1m[2m     3.43 kB[22m[1m[22m[2m │ gzip:     1.61 kB[22m
[2mdist/[22m[36massets/collections-DG9C1G0N.js                               [39m[1m[2m     3.48 kB[22m[1m[22m[2m │ gzip:     1.31 kB[22m
[2mdist/[22m[36massets/create-collection-dialog-D-xgjF3o.js                  [39m[1m[2m     3.53 kB[22m[1m[22m[2m │ gzip:     1.43 kB[22m
[2mdist/[22m[36massets/app-stream-CrFb3rGy.js                                [39m[1m[2m     3.61 kB[22m[1m[22m[2m │ gzip:     1.46 kB[22m
[2mdist/[22m[36massets/storage-YqF78wLP.js                                   [39m[1m[2m     3.62 kB[22m[1m[22m[2m │ gzip:     1.57 kB[22m
[2mdist/[22m[36massets/integrations-DVbaLDCR.js                              [39m[1m[2m     3.65 kB[22m[1m[22m[2m │ gzip:     1.44 kB[22m
[2mdist/[22m[36massets/storage-DYTySG39.js                                   [39m[1m[2m     3.67 kB[22m[1m[22m[2m │ gzip:     1.55 kB[22m
[2mdist/[22m[36massets/sorters-ZIHuekh8.js                                   [39m[1m[2m     3.73 kB[22m[1m[22m[2m │ gzip:     1.70 kB[22m
[2mdist/[22m[36massets/auth-Bke4gLcq.js                                      [39m[1m[2m     3.74 kB[22m[1m[22m[2m │ gzip:     1.16 kB[22m
[2mdist/[22m[36massets/esp32s3-i4JnBzSZ.js                                   [39m[1m[2m     3.90 kB[22m[1m[22m[2m │ gzip:     1.52 kB[22m
[2mdist/[22m[36massets/collections-CuTk6wZ1.js                               [39m[1m[2m     3.90 kB[22m[1m[22m[2m │ gzip:     1.49 kB[22m
[2mdist/[22m[36massets/collections-B1ppONue.js                               [39m[1m[2m     3.99 kB[22m[1m[22m[2m │ gzip:     1.49 kB[22m
[2mdist/[22m[36massets/games-CPl4Fo3i.js                                     [39m[1m[2m     4.00 kB[22m[1m[22m[2m │ gzip:     1.62 kB[22m
[2mdist/[22m[36massets/switch-B7XIWbdg.js                                    [39m[1m[2m     4.14 kB[22m[1m[22m[2m │ gzip:     1.86 kB[22m
[2mdist/[22m[36massets/integrations-PCLzqJl5.js                              [39m[1m[2m     4.14 kB[22m[1m[22m[2m │ gzip:     1.62 kB[22m
[2mdist/[22m[36massets/integrations-Cti7fjxK.js                              [39m[1m[2m     4.16 kB[22m[1m[22m[2m │ gzip:     1.63 kB[22m
[2mdist/[22m[36massets/public-nav-DQJ9xCzV.js                                [39m[1m[2m     4.21 kB[22m[1m[22m[2m │ gzip:     1.45 kB[22m
[2mdist/[22m[36massets/companies-DO5naPgH.js                                 [39m[1m[2m     4.25 kB[22m[1m[22m[2m │ gzip:     1.63 kB[22m
[2mdist/[22m[36massets/new-board-flash-dialog-OahKS4wi.js                    [39m[1m[2m     4.33 kB[22m[1m[22m[2m │ gzip:     1.70 kB[22m
[2mdist/[22m[36massets/general-1HuJVuJ-.js                                   [39m[1m[2m     4.34 kB[22m[1m[22m[2m │ gzip:     1.55 kB[22m
[2mdist/[22m[36massets/scanning-DUin6XOc.js                                  [39m[1m[2m     4.34 kB[22m[1m[22m[2m │ gzip:     1.43 kB[22m
[2mdist/[22m[36massets/health-Zd96xu-H.js                                    [39m[1m[2m     4.39 kB[22m[1m[22m[2m │ gzip:     1.60 kB[22m
[2mdist/[22m[36massets/watch-DLOi18cf.js                                     [39m[1m[2m     4.41 kB[22m[1m[22m[2m │ gzip:     2.10 kB[22m
[2mdist/[22m[36massets/games-CYVYV4aw.js                                     [39m[1m[2m     4.57 kB[22m[1m[22m[2m │ gzip:     1.89 kB[22m
[2mdist/[22m[36massets/games-BL9JWL8_.js                                     [39m[1m[2m     4.59 kB[22m[1m[22m[2m │ gzip:     1.91 kB[22m
[2mdist/[22m[36massets/station-overview-card-XWBSW8-b.js                     [39m[1m[2m     4.68 kB[22m[1m[22m[2m │ gzip:     1.98 kB[22m
[2mdist/[22m[36massets/verify-email-Dt1vZyHO.js                              [39m[1m[2m     4.74 kB[22m[1m[22m[2m │ gzip:     1.92 kB[22m
[2mdist/[22m[36massets/plans-CEjFvemq.js                                     [39m[1m[2m     4.94 kB[22m[1m[22m[2m │ gzip:     1.95 kB[22m
[2mdist/[22m[36massets/stub_flasher_32c2-B8dsLG7-.js                         [39m[1m[2m     4.99 kB[22m[1m[22m[2m │ gzip:     3.41 kB[22m
[2mdist/[22m[36massets/stub_flasher_32-DIlGCCSz.js                           [39m[1m[2m     5.19 kB[22m[1m[22m[2m │ gzip:     3.41 kB[22m
[2mdist/[22m[36massets/esp32c5-CVYIqooB.js                                   [39m[1m[2m     5.33 kB[22m[1m[22m[2m │ gzip:     2.07 kB[22m
[2mdist/[22m[36massets/common-C7qF1obw.js                                    [39m[1m[2m     5.40 kB[22m[1m[22m[2m │ gzip:     2.37 kB[22m
[2mdist/[22m[36massets/evaluate-bin-BqSsNfOK.js                              [39m[1m[2m     5.40 kB[22m[1m[22m[2m │ gzip:     2.04 kB[22m
[2mdist/[22m[36massets/stub_flasher_32c6-BMffPMCp.js                         [39m[1m[2m     5.54 kB[22m[1m[22m[2m │ gzip:     3.75 kB[22m
[2mdist/[22m[36massets/stub_flasher_32c61-Dm89Jp02.js                        [39m[1m[2m     5.54 kB[22m[1m[22m[2m │ gzip:     3.75 kB[22m
[2mdist/[22m[36massets/stub_flasher_32h2-DKTWdQO2.js                         [39m[1m[2m     5.54 kB[22m[1m[22m[2m │ gzip:     3.76 kB[22m
[2mdist/[22m[36massets/users-B7noWpRR.js                                     [39m[1m[2m     5.62 kB[22m[1m[22m[2m │ gzip:     2.02 kB[22m
[2mdist/[22m[36massets/esp32s2-D3sPqPNl.js                                   [39m[1m[2m     5.63 kB[22m[1m[22m[2m │ gzip:     2.01 kB[22m
[2mdist/[22m[36massets/stub_flasher_32c3-LInKOK0z.js                         [39m[1m[2m     5.64 kB[22m[1m[22m[2m │ gzip:     3.85 kB[22m
[2mdist/[22m[36massets/workbox-window.prod.es5-BBnX5xw4.js                   [39m[1m[2m     5.75 kB[22m[1m[22m[2m │ gzip:     2.36 kB[22m
[2mdist/[22m[36massets/checkbox-C7DWQxWU.js                                  [39m[1m[2m     5.75 kB[22m[1m[22m[2m │ gzip:     2.53 kB[22m
[2mdist/[22m[36massets/common-CoIp40t2.js                                    [39m[1m[2m     6.01 kB[22m[1m[22m[2m │ gzip:     2.68 kB[22m
[2mdist/[22m[36massets/common-CDdirZWe.js                                    [39m[1m[2m     6.26 kB[22m[1m[22m[2m │ gzip:     2.76 kB[22m
[2mdist/[22m[36massets/monitor-BtPuF4kA.js                                   [39m[1m[2m     6.31 kB[22m[1m[22m[2m │ gzip:     2.72 kB[22m
[2mdist/[22m[36massets/monitor-sessions-Bm0jFs3J.js                          [39m[1m[2m     6.36 kB[22m[1m[22m[2m │ gzip:     2.25 kB[22m
[2mdist/[22m[36massets/stub_flasher_32s2-DLJQYVPj.js                         [39m[1m[2m     6.41 kB[22m[1m[22m[2m │ gzip:     4.12 kB[22m
[2mdist/[22m[36massets/landing-C9THFNXN.js                                   [39m[1m[2m     6.44 kB[22m[1m[22m[2m │ gzip:     2.69 kB[22m
[2mdist/[22m[36massets/collections-CPcVZcvf.js                               [39m[1m[2m     6.73 kB[22m[1m[22m[2m │ gzip:     2.63 kB[22m
[2mdist/[22m[36massets/legal-Bcv1m2Qn.js                                     [39m[1m[2m     6.82 kB[22m[1m[22m[2m │ gzip:     2.69 kB[22m
[2mdist/[22m[36massets/rule-summary-CcNDHPOJ.js                              [39m[1m[2m     6.99 kB[22m[1m[22m[2m │ gzip:     2.50 kB[22m
[2mdist/[22m[36massets/stub_flasher_32c5-DfY6_UTr.js                         [39m[1m[2m     7.05 kB[22m[1m[22m[2m │ gzip:     4.74 kB[22m
[2mdist/[22m[36massets/phone-camera-duPtXR3j.js                              [39m[1m[2m     7.32 kB[22m[1m[22m[2m │ gzip:     2.90 kB[22m
[2mdist/[22m[36massets/landing-Cxib9LPR.js                                   [39m[1m[2m     7.42 kB[22m[1m[22m[2m │ gzip:     3.13 kB[22m
[2mdist/[22m[36massets/stub_flasher_32p4rc1-_ns1H9Hd.js                      [39m[1m[2m     7.51 kB[22m[1m[22m[2m │ gzip:     4.99 kB[22m
[2mdist/[22m[36massets/cards-C9yM06BK.js                                     [39m[1m[2m     7.60 kB[22m[1m[22m[2m │ gzip:     3.00 kB[22m
[2mdist/[22m[36massets/stub_flasher_32s3-B0-qH3ON.js                         [39m[1m[2m     7.66 kB[22m[1m[22m[2m │ gzip:     4.88 kB[22m
[2mdist/[22m[36massets/stub_flasher_32p4-BYTMSBQf.js                         [39m[1m[2m     7.72 kB[22m[1m[22m[2m │ gzip:     5.05 kB[22m
[2mdist/[22m[36massets/landing-D-8KZsBC.js                                   [39m[1m[2m     7.74 kB[22m[1m[22m[2m │ gzip:     3.17 kB[22m
[2mdist/[22m[36massets/onboarding-3rMDZan0.js                                [39m[1m[2m     8.04 kB[22m[1m[22m[2m │ gzip:     3.09 kB[22m
[2mdist/[22m[36massets/organization-B3sHwXh2.js                              [39m[1m[2m     8.09 kB[22m[1m[22m[2m │ gzip:     2.49 kB[22m
[2mdist/[22m[36massets/legal-CFtvmt3Y.js                                     [39m[1m[2m     8.16 kB[22m[1m[22m[2m │ gzip:     3.23 kB[22m
[2mdist/[22m[36massets/legal-BXQ215Az.js                                     [39m[1m[2m     8.28 kB[22m[1m[22m[2m │ gzip:     3.10 kB[22m
[2mdist/[22m[36massets/announcements-C9J2-Wcx.js                             [39m[1m[2m     8.42 kB[22m[1m[22m[2m │ gzip:     2.97 kB[22m
[2mdist/[22m[36massets/cards-DZnBGR6y.js                                     [39m[1m[2m     8.52 kB[22m[1m[22m[2m │ gzip:     3.47 kB[22m
[2mdist/[22m[36massets/cards-XNUdpApV.js                                     [39m[1m[2m     8.60 kB[22m[1m[22m[2m │ gzip:     3.40 kB[22m
[2mdist/[22m[36massets/esp32p4-BJTDWOEk.js                                   [39m[1m[2m     8.89 kB[22m[1m[22m[2m │ gzip:     2.69 kB[22m
[2mdist/[22m[36massets/onboarding-DgUE-7h1.js                                [39m[1m[2m     9.41 kB[22m[1m[22m[2m │ gzip:     3.61 kB[22m
[2mdist/[22m[36massets/discord-bot-CsHRVAOI.js                               [39m[1m[2m     9.44 kB[22m[1m[22m[2m │ gzip:     2.82 kB[22m
[2mdist/[22m[36massets/onboarding-BUOfY7Mo.js                                [39m[1m[2m     9.56 kB[22m[1m[22m[2m │ gzip:     3.53 kB[22m
[2mdist/[22m[36massets/bins-CCLHTYnw.js                                      [39m[1m[2m     9.96 kB[22m[1m[22m[2m │ gzip:     3.84 kB[22m
[2mdist/[22m[36massets/storage-DVigajC_.js                                   [39m[1m[2m    10.16 kB[22m[1m[22m[2m │ gzip:     3.41 kB[22m
[2mdist/[22m[36massets/account-D9BDOqUA.js                                   [39m[1m[2m    11.16 kB[22m[1m[22m[2m │ gzip:     3.63 kB[22m
[2mdist/[22m[36massets/Trans-l_TcaKNX.js                                     [39m[1m[2m    11.27 kB[22m[1m[22m[2m │ gzip:     4.78 kB[22m
[2mdist/[22m[36massets/use-channel-layout-CD4ACJ5m.js                        [39m[1m[2m    11.36 kB[22m[1m[22m[2m │ gzip:     3.87 kB[22m
[2mdist/[22m[36massets/bins-CzzDDHox.js                                      [39m[1m[2m    11.59 kB[22m[1m[22m[2m │ gzip:     4.39 kB[22m
[2mdist/[22m[36massets/admin-DE6YyJXe.js                                     [39m[1m[2m    11.86 kB[22m[1m[22m[2m │ gzip:     4.63 kB[22m
[2mdist/[22m[36massets/bins-CM8NIpVY.js                                      [39m[1m[2m    11.88 kB[22m[1m[22m[2m │ gzip:     4.42 kB[22m
[2mdist/[22m[36massets/use-bin-configs-wOZUk6b4.js                           [39m[1m[2m    11.94 kB[22m[1m[22m[2m │ gzip:     3.84 kB[22m
[2mdist/[22m[36massets/popover-CbgHUdFo.js                                   [39m[1m[2m    12.27 kB[22m[1m[22m[2m │ gzip:     4.81 kB[22m
[2mdist/[22m[36massets/stub_flasher_8266-Bxnk_IeY.js                         [39m[1m[2m    12.29 kB[22m[1m[22m[2m │ gzip:     7.58 kB[22m
[2mdist/[22m[36massets/admin-BQIftZCI.js                                     [39m[1m[2m    13.03 kB[22m[1m[22m[2m │ gzip:     5.22 kB[22m
[2mdist/[22m[36massets/use-foil-options-B1PE6MgT.js                          [39m[1m[2m    13.11 kB[22m[1m[22m[2m │ gzip:     4.45 kB[22m
[2mdist/[22m[36massets/admin-Ccam2Wfq.js                                     [39m[1m[2m    13.32 kB[22m[1m[22m[2m │ gzip:     5.14 kB[22m
[2mdist/[22m[36massets/scroll-area-BFdCy1Ac.js                               [39m[1m[2m    13.82 kB[22m[1m[22m[2m │ gzip:     4.76 kB[22m
[2mdist/[22m[36massets/servos-DOFigjyV.js                                    [39m[1m[2m    14.51 kB[22m[1m[22m[2m │ gzip:     4.70 kB[22m
[2mdist/[22m[36massets/modules-ocXFAVz7.js                                   [39m[1m[2m    14.68 kB[22m[1m[22m[2m │ gzip:     4.61 kB[22m
[2mdist/[22m[36massets/cards-BcebutKb.js                                     [39m[1m[2m    14.72 kB[22m[1m[22m[2m │ gzip:     4.47 kB[22m
[2mdist/[22m[36massets/device-CAw2MC9J.js                                    [39m[1m[2m    15.16 kB[22m[1m[22m[2m │ gzip:     5.04 kB[22m
[2mdist/[22m[36massets/sounds-BtPuU8dk.js                                    [39m[1m[2m    15.48 kB[22m[1m[22m[2m │ gzip:     5.46 kB[22m
[2mdist/[22m[36massets/scan-region-7h3KLWzZ.js                               [39m[1m[2m    15.52 kB[22m[1m[22m[2m │ gzip:     5.24 kB[22m
[2mdist/[22m[36massets/alphabet-pass-dialog-B7A723X_.js                      [39m[1m[2m    15.70 kB[22m[1m[22m[2m │ gzip:     5.26 kB[22m
[2mdist/[22m[36massets/slider-DWcP1sBd.js                                    [39m[1m[2m    18.79 kB[22m[1m[22m[2m │ gzip:     7.43 kB[22m
[2mdist/[22m[36massets/calibration-De7Caf_g.js                               [39m[1m[2m    18.84 kB[22m[1m[22m[2m │ gzip:     6.96 kB[22m
[2mdist/[22m[36massets/calibration-BTAJwgzY.js                               [39m[1m[2m    18.93 kB[22m[1m[22m[2m │ gzip:     5.09 kB[22m
[2mdist/[22m[36massets/calibration-CXq-l7Od.js                               [39m[1m[2m    21.57 kB[22m[1m[22m[2m │ gzip:     7.93 kB[22m
[2mdist/[22m[36massets/games-CoI3A_VO.js                                     [39m[1m[2m    21.73 kB[22m[1m[22m[2m │ gzip:     6.39 kB[22m
[2mdist/[22m[36massets/calibration-DoQnUMRl.js                               [39m[1m[2m    22.01 kB[22m[1m[22m[2m │ gzip:     7.83 kB[22m
[2mdist/[22m[36massets/scanner-Dvsg7yWq.js                                   [39m[1m[2m    22.22 kB[22m[1m[22m[2m │ gzip:     7.92 kB[22m
[2mdist/[22m[36massets/layout-ow5XVm0S.js                                    [39m[1m[2m    25.18 kB[22m[1m[22m[2m │ gzip:     8.23 kB[22m
[2mdist/[22m[36massets/build-jCVyPAwz.js                                     [39m[1m[2m    25.44 kB[22m[1m[22m[2m │ gzip:     9.37 kB[22m
[2mdist/[22m[36massets/integrations-DfqY4kwv.js                              [39m[1m[2m    25.66 kB[22m[1m[22m[2m │ gzip:     7.26 kB[22m
[2mdist/[22m[36massets/scanner-UrysGD9C.js                                   [39m[1m[2m    25.79 kB[22m[1m[22m[2m │ gzip:     9.07 kB[22m
[2mdist/[22m[36massets/scanner-y_L8eKOP.js                                   [39m[1m[2m    26.10 kB[22m[1m[22m[2m │ gzip:     8.96 kB[22m
[2mdist/[22m[36massets/build-Ct0UVYgQ.js                                     [39m[1m[2m    29.07 kB[22m[1m[22m[2m │ gzip:    10.83 kB[22m
[2mdist/[22m[36massets/build-edY3wtl0.js                                     [39m[1m[2m    29.54 kB[22m[1m[22m[2m │ gzip:    10.63 kB[22m
[2mdist/[22m[36massets/index-0-WhWnOz.js                                     [39m[1m[2m    30.95 kB[22m[1m[22m[2m │ gzip:     7.65 kB[22m
[2mdist/[22m[36massets/session-monitor-view-DXDhVFg2.js                      [39m[1m[2m    30.99 kB[22m[1m[22m[2m │ gzip:     9.32 kB[22m
[2mdist/[22m[36massets/dropdown-menu-CbRew81w.js                             [39m[1m[2m    32.47 kB[22m[1m[22m[2m │ gzip:    10.23 kB[22m
[2mdist/[22m[36massets/bins-BWSDhv2z.js                                      [39m[1m[2m    35.19 kB[22m[1m[22m[2m │ gzip:     9.08 kB[22m
[2mdist/[22m[36massets/combobox-BCf714IR.js                                  [39m[1m[2m    38.42 kB[22m[1m[22m[2m │ gzip:    13.07 kB[22m
[2mdist/[22m[36massets/index-Dl2mh-uJ.js                                     [39m[1m[2m    47.57 kB[22m[1m[22m[2m │ gzip:    14.70 kB[22m
[2mdist/[22m[36massets/scanned-card-table-D6qcJ7MB.js                        [39m[1m[2m    48.13 kB[22m[1m[22m[2m │ gzip:    12.76 kB[22m
[2mdist/[22m[36massets/calibration-C3dHQns4.js                               [39m[1m[2m    53.16 kB[22m[1m[22m[2m │ gzip:    17.08 kB[22m
[2mdist/[22m[36massets/build-_i90g9NB.js                                     [39m[1m[2m    58.54 kB[22m[1m[22m[2m │ gzip:    15.02 kB[22m
[2mdist/[22m[36massets/layout-Dv-ZCUU9.js                                    [39m[1m[2m    70.12 kB[22m[1m[22m[2m │ gzip:    20.06 kB[22m
[2mdist/[22m[36massets/tour-steps-C2o21Hf4.js                                [39m[1m[2m    79.77 kB[22m[1m[22m[2m │ gzip:    27.27 kB[22m
[2mdist/[22m[36massets/scan-stats-o2AaJEbY.js                                [39m[1m[2m    83.63 kB[22m[1m[22m[2m │ gzip:    27.03 kB[22m
[2mdist/[22m[36massets/esp32-flasher-BJA9_ys5.js                             [39m[1m[2m   112.84 kB[22m[1m[22m[2m │ gzip:    35.46 kB[22m
[2mdist/[22m[36massets/phone-camera-pairing-dialog-kTNjia15.js               [39m[1m[2m   156.91 kB[22m[1m[22m[2m │ gzip:    54.45 kB[22m
[2mdist/[22m[36massets/index-DncJVE_D.js                                     [39m[1m[33m 1,511.61 kB[39m[22m[2m │ gzip:   456.52 kB[22m
[32m✓ built in 36.94s[39m

PWA v1.3.0
mode      generateSW
precache  287 entries (3682.78 KiB)
files generated
  dist/sw.js
  dist/workbox-9c191d2f.js
